// Jest Snapshot v1, https://goo.gl/fbAQLP

exports[`Check if TextField works properly Check is snapshots is matched properly 1`] = `
<DocumentFragment>
  <span
    data-testid="textField-test-id"
  >
    <label
      for="uname"
    />
    <input
      placeholder="placeholder"
      style="border-color: #03aeee;"
      type="type"
      value="value"
    />
  </span>
</DocumentFragment>
`;
